// Jest Snapshot v1, https://goo.gl/fbAQLP

exports[`タグ一覧ページ タグ一覧_成功 1`] = `[Function]`;
