// Jest Snapshot v1, https://goo.gl/fbAQLP

exports[`Sampleコンポーネント タグ作成 1`] = `[Function]`;
